--- Cycle Start: 2025-11-08T04:18:32Z ---
Total proxies tested: 26630
Total healthy proxies: 13

Healthy proxies by type:
- Ss: 13
--- Cycle End ---

--- Cycle Start: 2025-11-08T04:58:28Z ---
Total proxies tested: 26630
Total healthy proxies: 4

Healthy proxies by type:
- Ss: 4
--- Cycle End ---

--- Cycle Start: 2025-11-08T06:11:47Z ---
Total proxies tested: 26630
Total healthy proxies: 9

Healthy proxies by type:
- Ss: 9
--- Cycle End ---
